<?xml version="1.0" encoding="UTF-8"?><mappingRoot xmlns="http://www.ibm.com/2008/ccl/Mapping" domainID="com.ibm.msl.mapping.xml" domainIDExtension="mb" mainMap="true" targetNamespace="default" version="8.0.5.0" xmlns:map="default">
    <input path="jar:file://!com/ibm/etools/mft/map/xsds/predefined/JsonDomainMsg.xsd" var="var"/>
    <input derivedFrom="MB:JSON_schema_in_swagger_document" path="/swagger_v3.json" var="var1"/>
    <output path="db:table(/xe.dbm,xe,ALAMOURA,CLIENTE)" var="CLIENTE1"/>
    <namespaces>
        <namespace kind="supplement" prefix="in" uri="http://www.ibm.com/iib/msl/json"/>
    </namespaces>
    <generation engine="xquery"/>
    <mappingDeclaration name="PegarMensagensFila_Mapping">
        <input namespace="http://www.ibm.com/iib/msl/json" path="$var/mb:msg(JSON,assembly,JSON,Properties)">
            <cast derivedFrom="MB:JSON_operation_request" path="JSON/Data/type('anyType')" qualifier="{http://www.ibm.com/iib/msl/json}Cliente" ref="var1"/>
        </input>
        <output path="$CLIENTE1/db:insert(fn:false(),ID,CPF,SENHA,TITULAR)" var="dbinsert"/>
        <move>
            <input path="JSON/spath('Data',2)/titular"/>
            <output path="$dbinsert/TITULAR"/>
        </move>
        <move>
            <input path="JSON/spath('Data',2)/cpf"/>
            <output path="$dbinsert/CPF"/>
        </move>
        <move>
            <input path="JSON/spath('Data',2)/senha"/>
            <output path="$dbinsert/SENHA"/>
        </move>
    </mappingDeclaration>
</mappingRoot>